Archive member included to satisfy reference by file (symbol)

c:/program files (x86)/atollic/truestudio for stm32 9.2.0/armtools/bin/../lib/gcc/arm-atollic-eabi/6.3.1/../../../../arm-atollic-eabi/lib/armv7e-m/fpu\libc_nano.a(lib_a-init.o)
                              startup\startup_stm32f407xx.o (__libc_init_array)
c:/program files (x86)/atollic/truestudio for stm32 9.2.0/armtools/bin/../lib/gcc/arm-atollic-eabi/6.3.1/../../../../arm-atollic-eabi/lib/armv7e-m/fpu\libc_nano.a(lib_a-rand.o)
                              Src\main.o (rand)
c:/program files (x86)/atollic/truestudio for stm32 9.2.0/armtools/bin/../lib/gcc/arm-atollic-eabi/6.3.1/../../../../arm-atollic-eabi/lib/armv7e-m/fpu\libc_nano.a(lib_a-impure.o)
                              c:/program files (x86)/atollic/truestudio for stm32 9.2.0/armtools/bin/../lib/gcc/arm-atollic-eabi/6.3.1/../../../../arm-atollic-eabi/lib/armv7e-m/fpu\libc_nano.a(lib_a-rand.o) (_impure_ptr)
c:/program files (x86)/atollic/truestudio for stm32 9.2.0/armtools/bin/../lib/gcc/arm-atollic-eabi/6.3.1/../../../../arm-atollic-eabi/lib/armv7e-m/fpu\libc_nano.a(lib_a-malloc.o)
                              c:/program files (x86)/atollic/truestudio for stm32 9.2.0/armtools/bin/../lib/gcc/arm-atollic-eabi/6.3.1/../../../../arm-atollic-eabi/lib/armv7e-m/fpu\libc_nano.a(lib_a-rand.o) (malloc)
c:/program files (x86)/atollic/truestudio for stm32 9.2.0/armtools/bin/../lib/gcc/arm-atollic-eabi/6.3.1/../../../../arm-atollic-eabi/lib/armv7e-m/fpu\libc_nano.a(lib_a-nano-freer.o)
                              c:/program files (x86)/atollic/truestudio for stm32 9.2.0/armtools/bin/../lib/gcc/arm-atollic-eabi/6.3.1/../../../../arm-atollic-eabi/lib/armv7e-m/fpu\libc_nano.a(lib_a-malloc.o) (_free_r)
c:/program files (x86)/atollic/truestudio for stm32 9.2.0/armtools/bin/../lib/gcc/arm-atollic-eabi/6.3.1/../../../../arm-atollic-eabi/lib/armv7e-m/fpu\libc_nano.a(lib_a-nano-mallocr.o)
                              c:/program files (x86)/atollic/truestudio for stm32 9.2.0/armtools/bin/../lib/gcc/arm-atollic-eabi/6.3.1/../../../../arm-atollic-eabi/lib/armv7e-m/fpu\libc_nano.a(lib_a-malloc.o) (_malloc_r)
c:/program files (x86)/atollic/truestudio for stm32 9.2.0/armtools/bin/../lib/gcc/arm-atollic-eabi/6.3.1/../../../../arm-atollic-eabi/lib/armv7e-m/fpu\libc_nano.a(lib_a-sbrkr.o)
                              c:/program files (x86)/atollic/truestudio for stm32 9.2.0/armtools/bin/../lib/gcc/arm-atollic-eabi/6.3.1/../../../../arm-atollic-eabi/lib/armv7e-m/fpu\libc_nano.a(lib_a-nano-mallocr.o) (_sbrk_r)
c:/program files (x86)/atollic/truestudio for stm32 9.2.0/armtools/bin/../lib/gcc/arm-atollic-eabi/6.3.1/../../../../arm-atollic-eabi/lib/armv7e-m/fpu\libc_nano.a(lib_a-mlock.o)
                              c:/program files (x86)/atollic/truestudio for stm32 9.2.0/armtools/bin/../lib/gcc/arm-atollic-eabi/6.3.1/../../../../arm-atollic-eabi/lib/armv7e-m/fpu\libc_nano.a(lib_a-nano-freer.o) (__malloc_lock)
c:/program files (x86)/atollic/truestudio for stm32 9.2.0/armtools/bin/../lib/gcc/arm-atollic-eabi/6.3.1/../../../../arm-atollic-eabi/lib/armv7e-m/fpu\libc_nano.a(lib_a-reent.o)
                              c:/program files (x86)/atollic/truestudio for stm32 9.2.0/armtools/bin/../lib/gcc/arm-atollic-eabi/6.3.1/../../../../arm-atollic-eabi/lib/armv7e-m/fpu\libc_nano.a(lib_a-sbrkr.o) (errno)
c:/program files (x86)/atollic/truestudio for stm32 9.2.0/armtools/bin/../lib/gcc/arm-atollic-eabi/6.3.1/armv7e-m/fpu\libgcc.a(_arm_addsubdf3.o)
                              Src\xpt2046.o (__aeabi_f2d)
c:/program files (x86)/atollic/truestudio for stm32 9.2.0/armtools/bin/../lib/gcc/arm-atollic-eabi/6.3.1/armv7e-m/fpu\libgcc.a(_arm_muldivdf3.o)
                              Src\xpt2046.o (__aeabi_dmul)
c:/program files (x86)/atollic/truestudio for stm32 9.2.0/armtools/bin/../lib/gcc/arm-atollic-eabi/6.3.1/armv7e-m/fpu\libgcc.a(_arm_fixunsdfsi.o)
                              Src\xpt2046.o (__aeabi_d2uiz)
c:/program files (x86)/atollic/truestudio for stm32 9.2.0/armtools/bin/../lib/gcc/arm-atollic-eabi/6.3.1/armv7e-m/fpu\libgcc.a(_aeabi_uldivmod.o)
                              Drivers\STM32F4xx_HAL_Driver\Src\stm32f4xx_hal_rcc.o (__aeabi_uldivmod)
c:/program files (x86)/atollic/truestudio for stm32 9.2.0/armtools/bin/../lib/gcc/arm-atollic-eabi/6.3.1/armv7e-m/fpu\libgcc.a(_udivmoddi4.o)
                              c:/program files (x86)/atollic/truestudio for stm32 9.2.0/armtools/bin/../lib/gcc/arm-atollic-eabi/6.3.1/armv7e-m/fpu\libgcc.a(_aeabi_uldivmod.o) (__udivmoddi4)
c:/program files (x86)/atollic/truestudio for stm32 9.2.0/armtools/bin/../lib/gcc/arm-atollic-eabi/6.3.1/armv7e-m/fpu\libgcc.a(_dvmd_tls.o)
                              c:/program files (x86)/atollic/truestudio for stm32 9.2.0/armtools/bin/../lib/gcc/arm-atollic-eabi/6.3.1/armv7e-m/fpu\libgcc.a(_aeabi_uldivmod.o) (__aeabi_ldiv0)
[...]
Memory Configuration

Name             Origin             Length             Attributes
RAM              0x20000000         0x00020000         xrw
CCMRAM           0x10000000         0x00010000         rw
FLASH            0x08000000         0x00100000         xr
*default*        0x00000000         0xffffffff

Linker script and memory map

LOAD c:/program files (x86)/atollic/truestudio for stm32 9.2.0/armtools/bin/../lib/gcc/arm-atollic-eabi/6.3.1/armv7e-m/fpu/crti.o
LOAD c:/program files (x86)/atollic/truestudio for stm32 9.2.0/armtools/bin/../lib/gcc/arm-atollic-eabi/6.3.1/armv7e-m/fpu/crtbegin.o
LOAD Drivers\STM32F4xx_HAL_Driver\Src\stm32f4xx_hal.o
LOAD Drivers\STM32F4xx_HAL_Driver\Src\stm32f4xx_hal_cortex.o
LOAD Drivers\STM32F4xx_HAL_Driver\Src\stm32f4xx_hal_dma.o
LOAD Drivers\STM32F4xx_HAL_Driver\Src\stm32f4xx_hal_dma_ex.o
LOAD Drivers\STM32F4xx_HAL_Driver\Src\stm32f4xx_hal_flash.o
LOAD Drivers\STM32F4xx_HAL_Driver\Src\stm32f4xx_hal_flash_ex.o
LOAD Drivers\STM32F4xx_HAL_Driver\Src\stm32f4xx_hal_flash_ramfunc.o
LOAD Drivers\STM32F4xx_HAL_Driver\Src\stm32f4xx_hal_gpio.o
LOAD Drivers\STM32F4xx_HAL_Driver\Src\stm32f4xx_hal_pwr.o
LOAD Drivers\STM32F4xx_HAL_Driver\Src\stm32f4xx_hal_pwr_ex.o
LOAD Drivers\STM32F4xx_HAL_Driver\Src\stm32f4xx_hal_rcc.o
LOAD Drivers\STM32F4xx_HAL_Driver\Src\stm32f4xx_hal_rcc_ex.o
LOAD Drivers\STM32F4xx_HAL_Driver\Src\stm32f4xx_hal_spi.o
LOAD Drivers\STM32F4xx_HAL_Driver\Src\stm32f4xx_hal_tim.o
LOAD Drivers\STM32F4xx_HAL_Driver\Src\stm32f4xx_hal_tim_ex.o
LOAD Src\main.o
LOAD Src\ssd1289.o
LOAD Src\stm32f4xx_hal_msp.o
LOAD Src\stm32f4xx_it.o
LOAD Src\system_stm32f4xx.o
LOAD Src\xpt2046.o
LOAD startup\startup_stm32f407xx.o
                0x00000080                malloc_getpagesize_P = 0x80
START GROUP
LOAD c:/program files (x86)/atollic/truestudio for stm32 9.2.0/armtools/bin/../lib/gcc/arm-atollic-eabi/6.3.1/../../../../arm-atollic-eabi/lib/armv7e-m/fpu\libc_nano.a
LOAD c:/program files (x86)/atollic/truestudio for stm32 9.2.0/armtools/bin/../lib/gcc/arm-atollic-eabi/6.3.1/../../../../arm-atollic-eabi/lib/armv7e-m/fpu\libm.a
END GROUP
START GROUP
LOAD c:/program files (x86)/atollic/truestudio for stm32 9.2.0/armtools/bin/../lib/gcc/arm-atollic-eabi/6.3.1/armv7e-m/fpu\libgcc.a
LOAD c:/program files (x86)/atollic/truestudio for stm32 9.2.0/armtools/bin/../lib/gcc/arm-atollic-eabi/6.3.1/../../../../arm-atollic-eabi/lib/armv7e-m/fpu\libc_nano.a
END GROUP
START GROUP
LOAD c:/program files (x86)/atollic/truestudio for stm32 9.2.0/armtools/bin/../lib/gcc/arm-atollic-eabi/6.3.1/armv7e-m/fpu\libgcc.a
LOAD c:/program files (x86)/atollic/truestudio for stm32 9.2.0/armtools/bin/../lib/gcc/arm-atollic-eabi/6.3.1/../../../../arm-atollic-eabi/lib/armv7e-m/fpu\libc_nano.a
LOAD c:/program files (x86)/atollic/truestudio for stm32 9.2.0/armtools/bin/../lib/gcc/arm-atollic-eabi/6.3.1/../../../../arm-atollic-eabi/lib/armv7e-m/fpu\libnosys.a
END GROUP
START GROUP
LOAD c:/program files (x86)/atollic/truestudio for stm32 9.2.0/armtools/bin/../lib/gcc/arm-atollic-eabi/6.3.1/armv7e-m/fpu\libgcc.a
LOAD c:/program files (x86)/atollic/truestudio for stm32 9.2.0/armtools/bin/../lib/gcc/arm-atollic-eabi/6.3.1/../../../../arm-atollic-eabi/lib/armv7e-m/fpu\libc_nano.a
LOAD c:/program files (x86)/atollic/truestudio for stm32 9.2.0/armtools/bin/../lib/gcc/arm-atollic-eabi/6.3.1/../../../../arm-atollic-eabi/lib/armv7e-m/fpu\libnosys.a
END GROUP
LOAD c:/program files (x86)/atollic/truestudio for stm32 9.2.0/armtools/bin/../lib/gcc/arm-atollic-eabi/6.3.1/armv7e-m/fpu/crtend.o
LOAD c:/program files (x86)/atollic/truestudio for stm32 9.2.0/armtools/bin/../lib/gcc/arm-atollic-eabi/6.3.1/armv7e-m/fpu/crtn.o
                0x20020000                _estack = 0x20020000
                0x00002000                _Min_Heap_Size = 0x2000
                0x00004000                _Min_Stack_Size = 0x4000

.isr_vector     0x08000000      0x188
                0x08000000                . = ALIGN (0x4)
 *(.isr_vector)
 .isr_vector    0x08000000      0x188 startup\startup_stm32f407xx.o
                0x08000000                g_pfnVectors
                0x08000188                . = ALIGN (0x4)

.text           0x08000188     0x296c
                0x08000188                . = ALIGN (0x4)
 *(.text)
 .text          0x08000188       0x40 c:/program files (x86)/atollic/truestudio for stm32 9.2.0/armtools/bin/../lib/gcc/arm-atollic-eabi/6.3.1/armv7e-m/fpu/crtbegin.o
 .text          0x080001c8      0x370 c:/program files (x86)/atollic/truestudio for stm32 9.2.0/armtools/bin/../lib/gcc/arm-atollic-eabi/6.3.1/armv7e-m/fpu\libgcc.a(_arm_addsubdf3.o)
                0x080001c8                __aeabi_drsub
                0x080001d0                __aeabi_dsub
                0x080001d0                __subdf3
                0x080001d4                __aeabi_dadd
                0x080001d4                __adddf3
                0x0800044c                __floatunsidf
                0x0800044c                __aeabi_ui2d
                0x0800046c                __floatsidf
                0x0800046c                __aeabi_i2d
                0x08000490                __aeabi_f2d
                0x08000490                __extendsfdf2
                0x080004cc                __floatundidf
                0x080004cc                __aeabi_ul2d
                0x080004dc                __floatdidf
                0x080004dc                __aeabi_l2d
 .text          0x08000538      0x424 c:/program files (x86)/atollic/truestudio for stm32 9.2.0/armtools/bin/../lib/gcc/arm-atollic-eabi/6.3.1/armv7e-m/fpu\libgcc.a(_arm_muldivdf3.o)
                0x08000538                __aeabi_dmul
                0x08000538                __muldf3
                0x0800078c                __divdf3
                0x0800078c                __aeabi_ddiv
 .text          0x0800095c       0x40 c:/program files (x86)/atollic/truestudio for stm32 9.2.0/armtools/bin/../lib/gcc/arm-atollic-eabi/6.3.1/armv7e-m/fpu\libgcc.a(_arm_fixunsdfsi.o)
                0x0800095c                __aeabi_d2uiz
                0x0800095c                __fixunsdfsi
 .text          0x0800099c       0x30 c:/program files (x86)/atollic/truestudio for stm32 9.2.0/armtools/bin/../lib/gcc/arm-atollic-eabi/6.3.1/armv7e-m/fpu\libgcc.a(_aeabi_uldivmod.o)
                0x0800099c                __aeabi_uldivmod
 .text          0x080009cc      0x2dc c:/program files (x86)/atollic/truestudio for stm32 9.2.0/armtools/bin/../lib/gcc/arm-atollic-eabi/6.3.1/armv7e-m/fpu\libgcc.a(_udivmoddi4.o)
                0x080009cc                __udivmoddi4
 .text          0x08000ca8        0x4 c:/program files (x86)/atollic/truestudio for stm32 9.2.0/armtools/bin/../lib/gcc/arm-atollic-eabi/6.3.1/armv7e-m/fpu\libgcc.a(_dvmd_tls.o)
                0x08000ca8                __aeabi_idiv0
                0x08000ca8                __aeabi_ldiv0
 *(.text*)
 .text.HAL_InitTick
                0x08000cac       0x48 Drivers\STM32F4xx_HAL_Driver\Src\stm32f4xx_hal.o
                0x08000cac                HAL_InitTick
 .text.HAL_Init
                0x08000cf4       0x34 Drivers\STM32F4xx_HAL_Driver\Src\stm32f4xx_hal.o
                0x08000cf4                HAL_Init
 .text.HAL_IncTick
                0x08000d28       0x18 Drivers\STM32F4xx_HAL_Driver\Src\stm32f4xx_hal.o
                0x08000d28                HAL_IncTick
 .text.HAL_GetTick
                0x08000d40        0xc Drivers\STM32F4xx_HAL_Driver\Src\stm32f4xx_hal.o
                0x08000d40                HAL_GetTick
 .text.HAL_Delay
                0x08000d4c       0x28 Drivers\STM32F4xx_HAL_Driver\Src\stm32f4xx_hal.o
                0x08000d4c                HAL_Delay
 .text.HAL_NVIC_SetPriorityGrouping
                0x08000d74       0x24 Drivers\STM32F4xx_HAL_Driver\Src\stm32f4xx_hal_cortex.o
                0x08000d74                HAL_NVIC_SetPriorityGrouping
 .text.HAL_NVIC_SetPriority
                0x08000d98       0x68 Drivers\STM32F4xx_HAL_Driver\Src\stm32f4xx_hal_cortex.o
                0x08000d98                HAL_NVIC_SetPriority
 .text.HAL_SYSTICK_Config
                0x08000e00       0x2c Drivers\STM32F4xx_HAL_Driver\Src\stm32f4xx_hal_cortex.o
                0x08000e00                HAL_SYSTICK_Config
 .text.HAL_SYSTICK_CLKSourceConfig
                0x08000e2c       0x18 Drivers\STM32F4xx_HAL_Driver\Src\stm32f4xx_hal_cortex.o
                0x08000e2c                HAL_SYSTICK_CLKSourceConfig
 .text.HAL_SYSTICK_Callback
                0x08000e44        0x2 Drivers\STM32F4xx_HAL_Driver\Src\stm32f4xx_hal_cortex.o
                0x08000e44                HAL_SYSTICK_Callback
 .text.HAL_SYSTICK_IRQHandler
                0x08000e46        0x8 Drivers\STM32F4xx_HAL_Driver\Src\stm32f4xx_hal_cortex.o
                0x08000e46                HAL_SYSTICK_IRQHandler
 *fill*         0x08000e4e        0x2 
 .text.HAL_GPIO_Init
                0x08000e50      0x1c0 Drivers\STM32F4xx_HAL_Driver\Src\stm32f4xx_hal_gpio.o
                0x08000e50                HAL_GPIO_Init
 .text.HAL_GPIO_ReadPin
                0x08001010        0xc Drivers\STM32F4xx_HAL_Driver\Src\stm32f4xx_hal_gpio.o
                0x08001010                HAL_GPIO_ReadPin
 .text.HAL_GPIO_WritePin
                0x0800101c        0xa Drivers\STM32F4xx_HAL_Driver\Src\stm32f4xx_hal_gpio.o
                0x0800101c                HAL_GPIO_WritePin
 *fill*         0x08001026        0x2 
 .text.HAL_RCC_OscConfig
                0x08001028      0x304 Drivers\STM32F4xx_HAL_Driver\Src\stm32f4xx_hal_rcc.o
                0x08001028                HAL_RCC_OscConfig
 .text.HAL_RCC_GetSysClockFreq
                0x0800132c       0x5c Drivers\STM32F4xx_HAL_Driver\Src\stm32f4xx_hal_rcc.o
                0x0800132c                HAL_RCC_GetSysClockFreq
 .text.HAL_RCC_ClockConfig
                0x08001388      0x134 Drivers\STM32F4xx_HAL_Driver\Src\stm32f4xx_hal_rcc.o
                0x08001388                HAL_RCC_ClockConfig
 .text.HAL_RCC_GetHCLKFreq
                0x080014bc        0xc Drivers\STM32F4xx_HAL_Driver\Src\stm32f4xx_hal_rcc.o
                0x080014bc                HAL_RCC_GetHCLKFreq
 .text.SPI_WaitFlagStateUntilTimeout
                0x080014c8       0x8e Drivers\STM32F4xx_HAL_Driver\Src\stm32f4xx_hal_spi.o
 .text.SPI_CheckFlag_BSY
                0x08001556       0x20 Drivers\STM32F4xx_HAL_Driver\Src\stm32f4xx_hal_spi.o
 .text.HAL_SPI_Init
                0x08001576       0x7a Drivers\STM32F4xx_HAL_Driver\Src\stm32f4xx_hal_spi.o
                0x08001576                HAL_SPI_Init
 .text.HAL_SPI_Transmit
                0x080015f0      0x152 Drivers\STM32F4xx_HAL_Driver\Src\stm32f4xx_hal_spi.o
                0x080015f0                HAL_SPI_Transmit
 .text.HAL_SPI_TransmitReceive
                0x08001742      0x1f8 Drivers\STM32F4xx_HAL_Driver\Src\stm32f4xx_hal_spi.o
                0x08001742                HAL_SPI_TransmitReceive
 *fill*         0x0800193a        0x2 
 .text.Init_Heigh_Pill
                0x0800193c       0x18 Src\main.o
                0x0800193c                Init_Heigh_Pill
 .text.Welcome  0x08001954       0x80 Src\main.o
                0x08001954                Welcome
 .text.Draw_Pillar
                0x080019d4       0x5a Src\main.o
                0x080019d4                Draw_Pillar
 *fill*         0x08001a2e        0x2 
 .text.Bird_Fly
                0x08001a30       0x3c Src\main.o
                0x08001a30                Bird_Fly
 .text.Print_Score
                0x08001a6c       0x7c Src\main.o
                0x08001a6c                Print_Score
 .text.Game_Over
                0x08001ae8       0xd0 Src\main.o
                0x08001ae8                Game_Over
 .text.Button_Press
                0x08001bb8       0x4e Src\main.o
                0x08001bb8                Button_Press
 *fill*         0x08001c06        0x2 
 .text.Init_Game
                0x08001c08      0x110 Src\main.o
                0x08001c08                Init_Game
 .text.SystemClock_Config
                0x08001d18       0xb0 Src\main.o
                0x08001d18                SystemClock_Config
 .text.startup.main
                0x08001dc8      0x2e8 Src\main.o
                0x08001dc8                main
 .text.SSD1289_Write_Com
                0x080020b0       0x54 Src\ssd1289.o
                0x080020b0                SSD1289_Write_Com
 .text.SSD1289_Write_Data
                0x08002104       0x54 Src\ssd1289.o
                0x08002104                SSD1289_Write_Data
 .text.SSD1289_Write_Com_Data
                0x08002158       0x12 Src\ssd1289.o
                0x08002158                SSD1289_Write_Com_Data
 .text.SSD1289_Address_Set
                0x0800216a       0x3e Src\ssd1289.o
                0x0800216a                SSD1289_Address_Set
 .text.SSD1289_Write_Pixel
                0x080021a8       0x44 Src\ssd1289.o
                0x080021a8                SSD1289_Write_Pixel
 .text.SSD1289_Fill_Color
                0x080021ec       0x28 Src\ssd1289.o
                0x080021ec                SSD1289_Fill_Color
 .text.SSD1289_Write_Pic_Coor
                0x08002214       0x44 Src\ssd1289.o
                0x08002214                SSD1289_Write_Pic_Coor
 .text.SSD1289_Print_Char
                0x08002258       0x98 Src\ssd1289.o
                0x08002258                SSD1289_Print_Char
 .text.SSD1289_Print_String
                0x080022f0       0x76 Src\ssd1289.o
                0x080022f0                SSD1289_Print_String
 .text.SSD1289_Draw_V_Line
                0x08002366       0x28 Src\ssd1289.o
                0x08002366                SSD1289_Draw_V_Line
 .text.SSD1289_Write_Back_Ground
                0x0800238e       0x24 Src\ssd1289.o
                0x0800238e                SSD1289_Write_Back_Ground
 .text.SSD1289_Clear_Screen
                0x080023b2        0x8 Src\ssd1289.o
                0x080023b2                SSD1289_Clear_Screen
 *fill*         0x080023ba        0x2 
 .text.SSD1289_Init
                0x080023bc      0x2c4 Src\ssd1289.o
                0x080023bc                SSD1289_Init
 .text.HAL_MspInit
                0x08002680       0x90 Src\stm32f4xx_hal_msp.o
                0x08002680                HAL_MspInit
 .text.HAL_SPI_MspInit
                0x08002710       0x4c Src\stm32f4xx_hal_msp.o
                0x08002710                HAL_SPI_MspInit
 .text.NMI_Handler
                0x0800275c        0x2 Src\stm32f4xx_it.o
                0x0800275c                NMI_Handler
 .text.HardFault_Handler
                0x0800275e        0x2 Src\stm32f4xx_it.o
                0x0800275e                HardFault_Handler
 .text.MemManage_Handler
                0x08002760        0x2 Src\stm32f4xx_it.o
                0x08002760                MemManage_Handler
 .text.BusFault_Handler
                0x08002762        0x2 Src\stm32f4xx_it.o
                0x08002762                BusFault_Handler
 .text.UsageFault_Handler
                0x08002764        0x2 Src\stm32f4xx_it.o
                0x08002764                UsageFault_Handler
 .text.SVC_Handler
                0x08002766        0x2 Src\stm32f4xx_it.o
                0x08002766                SVC_Handler
 .text.DebugMon_Handler
                0x08002768        0x2 Src\stm32f4xx_it.o
                0x08002768                DebugMon_Handler
 .text.PendSV_Handler
                0x0800276a        0x2 Src\stm32f4xx_it.o
                0x0800276a                PendSV_Handler
 .text.SysTick_Handler
                0x0800276c        0xe Src\stm32f4xx_it.o
                0x0800276c                SysTick_Handler
 *fill*         0x0800277a        0x2 
 .text.SystemInit
                0x0800277c       0x4c Src\system_stm32f4xx.o
                0x0800277c                SystemInit
 .text.Read_IRQ
                0x080027c8        0xc Src\xpt2046.o
                0x080027c8                Read_IRQ
 .text.XPT2046_Read
                0x080027d4       0x84 Src\xpt2046.o
                0x080027d4                XPT2046_Read
 .text.XPT2046_Calibrate
                0x08002858       0x68 Src\xpt2046.o
                0x08002858                XPT2046_Calibrate
 .text.Reset_Handler
                0x080028c0       0x50 startup\startup_stm32f407xx.o
                0x080028c0                Reset_Handler
 .text.Default_Handler
                0x08002910        0x2 startup\startup_stm32f407xx.o
                0x08002910                RTC_Alarm_IRQHandler
                0x08002910                HASH_RNG_IRQHandler
                0x08002910                EXTI2_IRQHandler
                0x08002910                TIM8_CC_IRQHandler
                0x08002910                TIM1_CC_IRQHandler
                0x08002910                DMA2_Stream5_IRQHandler
                0x08002910                DMA1_Stream5_IRQHandler
                0x08002910                PVD_IRQHandler
                0x08002910                SDIO_IRQHandler
                0x08002910                TAMP_STAMP_IRQHandler
                0x08002910                CAN2_RX1_IRQHandler
                0x08002910                EXTI3_IRQHandler
                0x08002910                TIM8_TRG_COM_TIM14_IRQHandler
                0x08002910                TIM1_UP_TIM10_IRQHandler
                0x08002910                TIM8_UP_TIM13_IRQHandler
                0x08002910                I2C3_ER_IRQHandler
                0x08002910                EXTI0_IRQHandler
                0x08002910                I2C2_EV_IRQHandler
                0x08002910                DMA1_Stream2_IRQHandler
                0x08002910                CAN1_RX0_IRQHandler
                0x08002910                FPU_IRQHandler
                0x08002910                OTG_HS_WKUP_IRQHandler
                0x08002910                CAN2_SCE_IRQHandler
                0x08002910                DMA2_Stream2_IRQHandler
                0x08002910                SPI1_IRQHandler
                0x08002910                TIM6_DAC_IRQHandler
                0x08002910                TIM1_BRK_TIM9_IRQHandler
                0x08002910                DCMI_IRQHandler
                0x08002910                CAN2_RX0_IRQHandler
                0x08002910                DMA2_Stream3_IRQHandler
                0x08002910                USART6_IRQHandler
                0x08002910                USART3_IRQHandler
                0x08002910                CAN1_RX1_IRQHandler
                0x08002910                UART5_IRQHandler
                0x08002910                DMA2_Stream0_IRQHandler
                0x08002910                TIM4_IRQHandler
                0x08002910                I2C1_EV_IRQHandler
                0x08002910                DMA1_Stream6_IRQHandler
                0x08002910                DMA1_Stream1_IRQHandler
                0x08002910                UART4_IRQHandler
                0x08002910                TIM3_IRQHandler
                0x08002910                RCC_IRQHandler
                0x08002910                TIM8_BRK_TIM12_IRQHandler
                0x08002910                Default_Handler
                0x08002910                EXTI15_10_IRQHandler
                0x08002910                ADC_IRQHandler
                0x08002910                DMA1_Stream7_IRQHandler
                0x08002910                TIM7_IRQHandler
                0x08002910                CAN2_TX_IRQHandler
                0x08002910                TIM5_IRQHandler
                0x08002910                DMA2_Stream7_IRQHandler
                0x08002910                I2C3_EV_IRQHandler
                0x08002910                EXTI9_5_IRQHandler
                0x08002910                RTC_WKUP_IRQHandler
                0x08002910                ETH_WKUP_IRQHandler
                0x08002910                SPI2_IRQHandler
                0x08002910                OTG_HS_EP1_IN_IRQHandler
                0x08002910                DMA1_Stream0_IRQHandler
                0x08002910                CAN1_TX_IRQHandler
                0x08002910                EXTI4_IRQHandler
                0x08002910                FSMC_IRQHandler
                0x08002910                ETH_IRQHandler
                0x08002910                OTG_HS_EP1_OUT_IRQHandler
                0x08002910                WWDG_IRQHandler
                0x08002910                TIM2_IRQHandler
                0x08002910                OTG_FS_WKUP_IRQHandler
                0x08002910                TIM1_TRG_COM_TIM11_IRQHandler
                0x08002910                OTG_HS_IRQHandler
                0x08002910                EXTI1_IRQHandler
                0x08002910                USART2_IRQHandler
                0x08002910                I2C2_ER_IRQHandler
                0x08002910                DMA2_Stream1_IRQHandler
                0x08002910                CAN1_SCE_IRQHandler
                0x08002910                FLASH_IRQHandler
                0x08002910                DMA2_Stream4_IRQHandler
                0x08002910                USART1_IRQHandler
                0x08002910                OTG_FS_IRQHandler
                0x08002910                SPI3_IRQHandler
                0x08002910                DMA1_Stream4_IRQHandler
                0x08002910                I2C1_ER_IRQHandler
                0x08002910                DMA2_Stream6_IRQHandler
                0x08002910                DMA1_Stream3_IRQHandler
 *fill*         0x08002912        0x2 
 .text.__libc_init_array
                0x08002914       0x48 c:/program files (x86)/atollic/truestudio for stm32 9.2.0/armtools/bin/../lib/gcc/arm-atollic-eabi/6.3.1/../../../../arm-atollic-eabi/lib/armv7e-m/fpu\libc_nano.a(lib_a-init.o)
                0x08002914                __libc_init_array
 .text.rand     0x0800295c       0x74 c:/program files (x86)/atollic/truestudio for stm32 9.2.0/armtools/bin/../lib/gcc/arm-atollic-eabi/6.3.1/../../../../arm-atollic-eabi/lib/armv7e-m/fpu\libc_nano.a(lib_a-rand.o)
                0x0800295c                rand
 .text.malloc   0x080029d0       0x10 c:/program files (x86)/atollic/truestudio for stm32 9.2.0/armtools/bin/../lib/gcc/arm-atollic-eabi/6.3.1/../../../../arm-atollic-eabi/lib/armv7e-m/fpu\libc_nano.a(lib_a-malloc.o)
                0x080029d0                malloc
 .text._malloc_r
                0x080029e0       0xbc c:/program files (x86)/atollic/truestudio for stm32 9.2.0/armtools/bin/../lib/gcc/arm-atollic-eabi/6.3.1/../../../../arm-atollic-eabi/lib/armv7e-m/fpu\libc_nano.a(lib_a-nano-mallocr.o)
                0x080029e0                _malloc_r
 .text._sbrk_r  0x08002a9c       0x20 c:/program files (x86)/atollic/truestudio for stm32 9.2.0/armtools/bin/../lib/gcc/arm-atollic-eabi/6.3.1/../../../../arm-atollic-eabi/lib/armv7e-m/fpu\libc_nano.a(lib_a-sbrkr.o)
                0x08002a9c                _sbrk_r
 .text.__malloc_lock
                0x08002abc        0x2 c:/program files (x86)/atollic/truestudio for stm32 9.2.0/armtools/bin/../lib/gcc/arm-atollic-eabi/6.3.1/../../../../arm-atollic-eabi/lib/armv7e-m/fpu\libc_nano.a(lib_a-mlock.o)
                0x08002abc                __malloc_lock
 .text.__malloc_unlock
                0x08002abe        0x2 c:/program files (x86)/atollic/truestudio for stm32 9.2.0/armtools/bin/../lib/gcc/arm-atollic-eabi/6.3.1/../../../../arm-atollic-eabi/lib/armv7e-m/fpu\libc_nano.a(lib_a-mlock.o)
                0x08002abe                __malloc_unlock
 .text._sbrk    0x08002ac0       0x1c c:/program files (x86)/atollic/truestudio for stm32 9.2.0/armtools/bin/../lib/gcc/arm-atollic-eabi/6.3.1/../../../../arm-atollic-eabi/lib/armv7e-m/fpu\libnosys.a(sbrk.o)
                0x08002ac0                _sbrk
 *(.glue_7)
 .glue_7        0x08002adc        0x0 linker stubs
 *(.glue_7t)
 .glue_7t       0x08002adc        0x0 linker stubs
 *(.eh_frame)
 .eh_frame      0x08002adc        0x0 c:/program files (x86)/atollic/truestudio for stm32 9.2.0/armtools/bin/../lib/gcc/arm-atollic-eabi/6.3.1/armv7e-m/fpu/crtbegin.o
 *(.init)
 .init          0x08002adc        0x4 c:/program files (x86)/atollic/truestudio for stm32 9.2.0/armtools/bin/../lib/gcc/arm-atollic-eabi/6.3.1/armv7e-m/fpu/crti.o
                0x08002adc                _init
 .init          0x08002ae0        0x8 c:/program files (x86)/atollic/truestudio for stm32 9.2.0/armtools/bin/../lib/gcc/arm-atollic-eabi/6.3.1/armv7e-m/fpu/crtn.o
 *(.fini)
 .fini          0x08002ae8        0x4 c:/program files (x86)/atollic/truestudio for stm32 9.2.0/armtools/bin/../lib/gcc/arm-atollic-eabi/6.3.1/armv7e-m/fpu/crti.o
                0x08002ae8                _fini
 .fini          0x08002aec        0x8 c:/program files (x86)/atollic/truestudio for stm32 9.2.0/armtools/bin/../lib/gcc/arm-atollic-eabi/6.3.1/armv7e-m/fpu/crtn.o
                0x08002af4                . = ALIGN (0x4)
                0x08002af4                _etext = .

.vfp11_veneer   0x08002af4        0x0
 .vfp11_veneer  0x08002af4        0x0 linker stubs

.v4_bx          0x08002af4        0x0
 .v4_bx         0x08002af4        0x0 linker stubs

.iplt           0x08002af4        0x0
 .iplt          0x08002af4        0x0 c:/program files (x86)/atollic/truestudio for stm32 9.2.0/armtools/bin/../lib/gcc/arm-atollic-eabi/6.3.1/armv7e-m/fpu/crtbegin.o

.rodata         0x08002af4       0x7c
                0x08002af4                . = ALIGN (0x4)
 *(.rodata)
 *(.rodata*)
 .rodata.Game_Over.str1.1
                0x08002af4        0xa Src\main.o
                                 0x12 (size before relaxing)
 .rodata.Init_Game.str1.1
                0x08002afe        0xd Src\main.o
 .rodata.Welcome.str1.1
                0x08002b0b       0x55 Src\main.o
 .rodata.AHBPrescTable
                0x08002b60       0x10 Src\system_stm32f4xx.o
                0x08002b60                AHBPrescTable
                0x08002b70                . = ALIGN (0x4)

.ARM.extab
 *(.ARM.extab* .gnu.linkonce.armextab.*)

.ARM            0x08002b70        0x8
                0x08002b70                __exidx_start = .
 *(.ARM.exidx*)
 .ARM.exidx     0x08002b70        0x8 c:/program files (x86)/atollic/truestudio for stm32 9.2.0/armtools/bin/../lib/gcc/arm-atollic-eabi/6.3.1/armv7e-m/fpu\libgcc.a(_udivmoddi4.o)
                0x08002b78                __exidx_end = .

.rel.dyn        0x08002b78        0x0
 .rel.iplt      0x08002b78        0x0 c:/program files (x86)/atollic/truestudio for stm32 9.2.0/armtools/bin/../lib/gcc/arm-atollic-eabi/6.3.1/armv7e-m/fpu/crtbegin.o

.preinit_array  0x08002b78        0x0
                0x08002b78                PROVIDE (__preinit_array_start, .)
 *(.preinit_array*)
                0x08002b78                PROVIDE (__preinit_array_end, .)

.init_array     0x08002b78        0x4
                0x08002b78                PROVIDE (__init_array_start, .)
 *(SORT(.init_array.*))
 *(.init_array*)
 .init_array    0x08002b78        0x4 c:/program files (x86)/atollic/truestudio for stm32 9.2.0/armtools/bin/../lib/gcc/arm-atollic-eabi/6.3.1/armv7e-m/fpu/crtbegin.o
                0x08002b7c                PROVIDE (__init_array_end, .)

.fini_array     0x08002b7c        0x4
                [!provide]                PROVIDE (__fini_array_start, .)
 *(SORT(.fini_array.*))
 *(.fini_array*)
 .fini_array    0x08002b7c        0x4 c:/program files (x86)/atollic/truestudio for stm32 9.2.0/armtools/bin/../lib/gcc/arm-atollic-eabi/6.3.1/armv7e-m/fpu/crtbegin.o
                [!provide]                PROVIDE (__fini_array_end, .)
                0x08002b80                _sidata = LOADADDR (.data)

.data           0x20000000     0x26ec load address 0x08002b80
                0x20000000                . = ALIGN (0x4)
                0x20000000                _sdata = .
 *(.data)
 *(.data*)
 .data.uwTickFreq
                0x20000000        0x1 Drivers\STM32F4xx_HAL_Driver\Src\stm32f4xx_hal.o
                0x20000000                uwTickFreq
 *fill*         0x20000001        0x3 
 .data.uwTickPrio
                0x20000004        0x4 Drivers\STM32F4xx_HAL_Driver\Src\stm32f4xx_hal.o
                0x20000004                uwTickPrio
 .data.bird_image
                0x20000008      0x3dc Src\main.o
                0x20000008                bird_image
 .data.button   0x200003e4     0x1260 Src\main.o
                0x200003e4                button
 .data.line     0x20001644      0xc80 Src\main.o
                0x20001644                line
 .data.font     0x200022c4      0x3c0 Src\ssd1289.o
                0x200022c4                font
 .data.SystemCoreClock
                0x20002684        0x4 Src\system_stm32f4xx.o
                0x20002684                SystemCoreClock
 .data._impure_ptr
                0x20002688        0x4 c:/program files (x86)/atollic/truestudio for stm32 9.2.0/armtools/bin/../lib/gcc/arm-atollic-eabi/6.3.1/../../../../arm-atollic-eabi/lib/armv7e-m/fpu\libc_nano.a(lib_a-impure.o)
                0x20002688                _impure_ptr
 .data.impure_data
                0x2000268c       0x60 c:/program files (x86)/atollic/truestudio for stm32 9.2.0/armtools/bin/../lib/gcc/arm-atollic-eabi/6.3.1/../../../../arm-atollic-eabi/lib/armv7e-m/fpu\libc_nano.a(lib_a-impure.o)
                0x200026ec                . = ALIGN (0x4)
                0x200026ec                _edata = .
                0x0800526c                _siccmram = LOADADDR (.ccmram)

.igot.plt       0x200026ec        0x0 load address 0x0800526c
 .igot.plt      0x200026ec        0x0 c:/program files (x86)/atollic/truestudio for stm32 9.2.0/armtools/bin/../lib/gcc/arm-atollic-eabi/6.3.1/armv7e-m/fpu/crtbegin.o

.ccmram         0x10000000        0x0 load address 0x0800526c
                0x10000000                . = ALIGN (0x4)
                0x10000000                _sccmram = .
 *(.ccmram)
 *(.ccmram*)
                0x10000000                . = ALIGN (0x4)
                0x10000000                _eccmram = .
                0x10000000                . = ALIGN (0x4)

.bss            0x200026ec       0xbc
                0x200026ec                _sbss = .
                0x200026ec                __bss_start__ = _sbss
 *(.bss)
 .bss           0x200026ec       0x1c c:/program files (x86)/atollic/truestudio for stm32 9.2.0/armtools/bin/../lib/gcc/arm-atollic-eabi/6.3.1/armv7e-m/fpu/crtbegin.o
 *(.bss*)
 .bss.h_com     0x20002708        0x2 Src\main.o
                0x20002708                h_com
 .bss.heigh_pill1
                0x2000270a        0x2 Src\main.o
                0x2000270a                heigh_pill1
 .bss.heigh_pill2
                0x2000270c        0x2 Src\main.o
                0x2000270c                heigh_pill2
 .bss.high_score
                0x2000270e        0x2 Src\main.o
                0x2000270e                high_score
 .bss.score     0x20002710        0x2 Src\main.o
                0x20002710                score
 .bss.x1        0x20002712        0x2 Src\main.o
                0x20002712                x1
 .bss.x2        0x20002714        0x2 Src\main.o
                0x20002714                x2
 .bss.x_com     0x20002716        0x2 Src\main.o
                0x20002716                x_com
 .bss.y_bird    0x20002718        0x2 Src\main.o
                0x20002718                y_bird
 .bss.receive_data
                0x2000271a        0x1 Src\xpt2046.o
                0x2000271a                receive_data
 *fill*         0x2000271b        0x1 
 .bss.__malloc_free_list
                0x2000271c        0x4 c:/program files (x86)/atollic/truestudio for stm32 9.2.0/armtools/bin/../lib/gcc/arm-atollic-eabi/6.3.1/../../../../arm-atollic-eabi/lib/armv7e-m/fpu\libc_nano.a(lib_a-nano-mallocr.o)
                0x2000271c                __malloc_free_list
 .bss.__malloc_sbrk_start
                0x20002720        0x4 c:/program files (x86)/atollic/truestudio for stm32 9.2.0/armtools/bin/../lib/gcc/arm-atollic-eabi/6.3.1/../../../../arm-atollic-eabi/lib/armv7e-m/fpu\libc_nano.a(lib_a-nano-mallocr.o)
                0x20002720                __malloc_sbrk_start
 .bss.heap_end.5239
                0x20002724        0x4 c:/program files (x86)/atollic/truestudio for stm32 9.2.0/armtools/bin/../lib/gcc/arm-atollic-eabi/6.3.1/../../../../arm-atollic-eabi/lib/armv7e-m/fpu\libnosys.a(sbrk.o)
 *(COMMON)
 COMMON         0x20002728        0x4 Drivers\STM32F4xx_HAL_Driver\Src\stm32f4xx_hal.o
                0x20002728                uwTick
 COMMON         0x2000272c       0x76 Src\main.o
                0x2000272c                hspi3
                0x20002784                list_heigh
 COMMON         0x200027a2        0x1 Src\xpt2046.o
                0x200027a2                send_cmd
 *fill*         0x200027a3        0x1 
 COMMON         0x200027a4        0x4 c:/program files (x86)/atollic/truestudio for stm32 9.2.0/armtools/bin/../lib/gcc/arm-atollic-eabi/6.3.1/../../../../arm-atollic-eabi/lib/armv7e-m/fpu\libc_nano.a(lib_a-reent.o)
                0x200027a4                errno
                0x200027a8                . = ALIGN (0x4)
                0x200027a8                _ebss = .
                0x200027a8                __bss_end__ = _ebss

._user_heap_stack
                0x200027a8     0x6000
                0x200027a8                . = ALIGN (0x4)
                0x200027a8                PROVIDE (end, .)
                [!provide]                PROVIDE (_end, .)
                0x200047a8                . = (. + _Min_Heap_Size)
 *fill*         0x200027a8     0x2000 
                0x200087a8                . = (. + _Min_Stack_Size)
 *fill*         0x200047a8     0x4000 
                0x200087a8                . = ALIGN (0x4)

/DISCARD/
 libc.a(*)
 libm.a(*)
 libgcc.a(*)

.ARM.attributes
                0x00000000       0x30
 *(.ARM.attributes)
 .ARM.attributes
                0x00000000       0x22 c:/program files (x86)/atollic/truestudio for stm32 9.2.0/armtools/bin/../lib/gcc/arm-atollic-eabi/6.3.1/armv7e-m/fpu/crti.o
 .ARM.attributes
                0x00000022       0x34 c:/program files (x86)/atollic/truestudio for stm32 9.2.0/armtools/bin/../lib/gcc/arm-atollic-eabi/6.3.1/armv7e-m/fpu/crtbegin.o
 .ARM.attributes
                0x00000056       0x39 Drivers\STM32F4xx_HAL_Driver\Src\stm32f4xx_hal.o
 .ARM.attributes
                0x0000008f       0x39 Drivers\STM32F4xx_HAL_Driver\Src\stm32f4xx_hal_cortex.o
 .ARM.attributes
                0x000000c8       0x39 Drivers\STM32F4xx_HAL_Driver\Src\stm32f4xx_hal_gpio.o
 .ARM.attributes
                0x00000101       0x39 Drivers\STM32F4xx_HAL_Driver\Src\stm32f4xx_hal_rcc.o
 .ARM.attributes
                0x0000013a       0x39 Drivers\STM32F4xx_HAL_Driver\Src\stm32f4xx_hal_spi.o
 .ARM.attributes
                0x00000173       0x39 Src\main.o
 .ARM.attributes
                0x000001ac       0x39 Src\ssd1289.o
 .ARM.attributes
                0x000001e5       0x39 Src\stm32f4xx_hal_msp.o
 .ARM.attributes
                0x0000021e       0x39 Src\stm32f4xx_it.o
 .ARM.attributes
                0x00000257       0x39 Src\system_stm32f4xx.o
 .ARM.attributes
                0x00000290       0x39 Src\xpt2046.o
 .ARM.attributes
                0x000002c9       0x21 startup\startup_stm32f407xx.o
 .ARM.attributes
                0x000002ea       0x34 c:/program files (x86)/atollic/truestudio for stm32 9.2.0/armtools/bin/../lib/gcc/arm-atollic-eabi/6.3.1/../../../../arm-atollic-eabi/lib/armv7e-m/fpu\libc_nano.a(lib_a-init.o)
 .ARM.attributes
                0x0000031e       0x34 c:/program files (x86)/atollic/truestudio for stm32 9.2.0/armtools/bin/../lib/gcc/arm-atollic-eabi/6.3.1/../../../../arm-atollic-eabi/lib/armv7e-m/fpu\libc_nano.a(lib_a-rand.o)
 .ARM.attributes
                0x00000352       0x34 c:/program files (x86)/atollic/truestudio for stm32 9.2.0/armtools/bin/../lib/gcc/arm-atollic-eabi/6.3.1/../../../../arm-atollic-eabi/lib/armv7e-m/fpu\libc_nano.a(lib_a-impure.o)
 .ARM.attributes
                0x00000386       0x34 c:/program files (x86)/atollic/truestudio for stm32 9.2.0/armtools/bin/../lib/gcc/arm-atollic-eabi/6.3.1/../../../../arm-atollic-eabi/lib/armv7e-m/fpu\libc_nano.a(lib_a-malloc.o)
 .ARM.attributes
                0x000003ba       0x34 c:/program files (x86)/atollic/truestudio for stm32 9.2.0/armtools/bin/../lib/gcc/arm-atollic-eabi/6.3.1/../../../../arm-atollic-eabi/lib/armv7e-m/fpu\libc_nano.a(lib_a-nano-mallocr.o)
 .ARM.attributes
                0x000003ee       0x34 c:/program files (x86)/atollic/truestudio for stm32 9.2.0/armtools/bin/../lib/gcc/arm-atollic-eabi/6.3.1/../../../../arm-atollic-eabi/lib/armv7e-m/fpu\libc_nano.a(lib_a-sbrkr.o)
 .ARM.attributes
                0x00000422       0x34 c:/program files (x86)/atollic/truestudio for stm32 9.2.0/armtools/bin/../lib/gcc/arm-atollic-eabi/6.3.1/../../../../arm-atollic-eabi/lib/armv7e-m/fpu\libc_nano.a(lib_a-mlock.o)
 .ARM.attributes
                0x00000456       0x34 c:/program files (x86)/atollic/truestudio for stm32 9.2.0/armtools/bin/../lib/gcc/arm-atollic-eabi/6.3.1/../../../../arm-atollic-eabi/lib/armv7e-m/fpu\libc_nano.a(lib_a-reent.o)
 .ARM.attributes
                0x0000048a       0x22 c:/program files (x86)/atollic/truestudio for stm32 9.2.0/armtools/bin/../lib/gcc/arm-atollic-eabi/6.3.1/armv7e-m/fpu\libgcc.a(_arm_addsubdf3.o)
 .ARM.attributes
                0x000004ac       0x22 c:/program files (x86)/atollic/truestudio for stm32 9.2.0/armtools/bin/../lib/gcc/arm-atollic-eabi/6.3.1/armv7e-m/fpu\libgcc.a(_arm_muldivdf3.o)
 .ARM.attributes
                0x000004ce       0x22 c:/program files (x86)/atollic/truestudio for stm32 9.2.0/armtools/bin/../lib/gcc/arm-atollic-eabi/6.3.1/armv7e-m/fpu\libgcc.a(_arm_fixunsdfsi.o)
 .ARM.attributes
                0x000004f0       0x22 c:/program files (x86)/atollic/truestudio for stm32 9.2.0/armtools/bin/../lib/gcc/arm-atollic-eabi/6.3.1/armv7e-m/fpu\libgcc.a(_aeabi_uldivmod.o)
 .ARM.attributes
                0x00000512       0x34 c:/program files (x86)/atollic/truestudio for stm32 9.2.0/armtools/bin/../lib/gcc/arm-atollic-eabi/6.3.1/armv7e-m/fpu\libgcc.a(_udivmoddi4.o)
 .ARM.attributes
                0x00000546       0x22 c:/program files (x86)/atollic/truestudio for stm32 9.2.0/armtools/bin/../lib/gcc/arm-atollic-eabi/6.3.1/armv7e-m/fpu\libgcc.a(_dvmd_tls.o)
 .ARM.attributes
                0x00000568       0x34 c:/program files (x86)/atollic/truestudio for stm32 9.2.0/armtools/bin/../lib/gcc/arm-atollic-eabi/6.3.1/../../../../arm-atollic-eabi/lib/armv7e-m/fpu\libnosys.a(sbrk.o)
 .ARM.attributes
                0x0000059c       0x22 c:/program files (x86)/atollic/truestudio for stm32 9.2.0/armtools/bin/../lib/gcc/arm-atollic-eabi/6.3.1/armv7e-m/fpu/crtn.o
OUTPUT(LCD_Final_v2.elf elf32-littlearm)

.debug_info     0x00000000     0xedc9
 .debug_info    0x00000000     0x11ec Drivers\STM32F4xx_HAL_Driver\Src\stm32f4xx_hal.o
 .debug_info    0x000011ec     0x1744 Drivers\STM32F4xx_HAL_Driver\Src\stm32f4xx_hal_cortex.o
 .debug_info    0x00002930      0xf88 Drivers\STM32F4xx_HAL_Driver\Src\stm32f4xx_hal_gpio.o
 .debug_info    0x000038b8     0x1269 Drivers\STM32F4xx_HAL_Driver\Src\stm32f4xx_hal_rcc.o
 .debug_info    0x00004b21     0x23d2 Drivers\STM32F4xx_HAL_Driver\Src\stm32f4xx_hal_spi.o
 .debug_info    0x00006ef3     0x23c3 Src\main.o
 .debug_info    0x000092b6     0x1e77 Src\ssd1289.o
 .debug_info    0x0000b12d     0x14c2 Src\stm32f4xx_hal_msp.o
 .debug_info    0x0000c5ef      0x9de Src\stm32f4xx_it.o
 .debug_info    0x0000cfcd      0xd1c Src\system_stm32f4xx.o
 .debug_info    0x0000dce9     0x1074 Src\xpt2046.o
 .debug_info    0x0000ed5d       0x6c startup\startup_stm32f407xx.o

.debug_abbrev   0x00000000     0x1fd5
 .debug_abbrev  0x00000000      0x308 Drivers\STM32F4xx_HAL_Driver\Src\stm32f4xx_hal.o
 .debug_abbrev  0x00000308      0x399 Drivers\STM32F4xx_HAL_Driver\Src\stm32f4xx_hal_cortex.o
 .debug_abbrev  0x000006a1      0x268 Drivers\STM32F4xx_HAL_Driver\Src\stm32f4xx_hal_gpio.o
 .debug_abbrev  0x00000909      0x353 Drivers\STM32F4xx_HAL_Driver\Src\stm32f4xx_hal_rcc.o
 .debug_abbrev  0x00000c5c      0x3ac Drivers\STM32F4xx_HAL_Driver\Src\stm32f4xx_hal_spi.o
 .debug_abbrev  0x00001008      0x420 Src\main.o
 .debug_abbrev  0x00001428      0x33d Src\ssd1289.o
 .debug_abbrev  0x00001765      0x22e Src\stm32f4xx_hal_msp.o
 .debug_abbrev  0x00001993      0x1fd Src\stm32f4xx_it.o
 .debug_abbrev  0x00001b90      0x1ca Src\system_stm32f4xx.o
 .debug_abbrev  0x00001d5a      0x269 Src\xpt2046.o
 .debug_abbrev  0x00001fc3       0x12 startup\startup_stm32f407xx.o

.debug_loc      0x00000000     0x3631
 .debug_loc     0x00000000      0x11b Drivers\STM32F4xx_HAL_Driver\Src\stm32f4xx_hal.o
 .debug_loc     0x0000011b      0x4fb Drivers\STM32F4xx_HAL_Driver\Src\stm32f4xx_hal_cortex.o
 .debug_loc     0x00000616      0x3cd Drivers\STM32F4xx_HAL_Driver\Src\stm32f4xx_hal_gpio.o
 .debug_loc     0x000009e3      0x336 Drivers\STM32F4xx_HAL_Driver\Src\stm32f4xx_hal_rcc.o
 .debug_loc     0x00000d19     0x150f Drivers\STM32F4xx_HAL_Driver\Src\stm32f4xx_hal_spi.o
 .debug_loc     0x00002228      0x411 Src\main.o
 .debug_loc     0x00002639      0xdad Src\ssd1289.o
 .debug_loc     0x000033e6       0x4d Src\stm32f4xx_hal_msp.o
 .debug_loc     0x00003433      0x11c Src\system_stm32f4xx.o
 .debug_loc     0x0000354f       0xe2 Src\xpt2046.o

.debug_aranges  0x00000000      0x608
 .debug_aranges
                0x00000000       0xd8 Drivers\STM32F4xx_HAL_Driver\Src\stm32f4xx_hal.o
 .debug_aranges
                0x000000d8       0xa8 Drivers\STM32F4xx_HAL_Driver\Src\stm32f4xx_hal_cortex.o
 .debug_aranges
                0x00000180       0x58 Drivers\STM32F4xx_HAL_Driver\Src\stm32f4xx_hal_gpio.o
 .debug_aranges
                0x000001d8       0x88 Drivers\STM32F4xx_HAL_Driver\Src\stm32f4xx_hal_rcc.o
 .debug_aranges
                0x00000260      0x180 Drivers\STM32F4xx_HAL_Driver\Src\stm32f4xx_hal_spi.o
 .debug_aranges
                0x000003e0       0x70 Src\main.o
 .debug_aranges
                0x00000450       0xc0 Src\ssd1289.o
 .debug_aranges
                0x00000510       0x30 Src\stm32f4xx_hal_msp.o
 .debug_aranges
                0x00000540       0x48 Src\stm32f4xx_it.o
 .debug_aranges
                0x00000588       0x28 Src\system_stm32f4xx.o
 .debug_aranges
                0x000005b0       0x30 Src\xpt2046.o
 .debug_aranges
                0x000005e0       0x28 startup\startup_stm32f407xx.o

.debug_ranges   0x00000000      0x768
 .debug_ranges  0x00000000       0xc8 Drivers\STM32F4xx_HAL_Driver\Src\stm32f4xx_hal.o
 .debug_ranges  0x000000c8      0x138 Drivers\STM32F4xx_HAL_Driver\Src\stm32f4xx_hal_cortex.o
 .debug_ranges  0x00000200       0x68 Drivers\STM32F4xx_HAL_Driver\Src\stm32f4xx_hal_gpio.o
 .debug_ranges  0x00000268       0xb0 Drivers\STM32F4xx_HAL_Driver\Src\stm32f4xx_hal_rcc.o
 .debug_ranges  0x00000318      0x1d0 Drivers\STM32F4xx_HAL_Driver\Src\stm32f4xx_hal_spi.o
 .debug_ranges  0x000004e8       0xe8 Src\main.o
 .debug_ranges  0x000005d0       0xb0 Src\ssd1289.o
 .debug_ranges  0x00000680       0x58 Src\stm32f4xx_hal_msp.o
 .debug_ranges  0x000006d8       0x38 Src\stm32f4xx_it.o
 .debug_ranges  0x00000710       0x18 Src\system_stm32f4xx.o
 .debug_ranges  0x00000728       0x20 Src\xpt2046.o
 .debug_ranges  0x00000748       0x20 startup\startup_stm32f407xx.o

.debug_line     0x00000000     0x360f
 .debug_line    0x00000000      0x492 Drivers\STM32F4xx_HAL_Driver\Src\stm32f4xx_hal.o
 .debug_line    0x00000492      0x4dc Drivers\STM32F4xx_HAL_Driver\Src\stm32f4xx_hal_cortex.o
 .debug_line    0x0000096e      0x47a Drivers\STM32F4xx_HAL_Driver\Src\stm32f4xx_hal_gpio.o
 .debug_line    0x00000de8      0x58b Drivers\STM32F4xx_HAL_Driver\Src\stm32f4xx_hal_rcc.o
 .debug_line    0x00001373      0xbb2 Drivers\STM32F4xx_HAL_Driver\Src\stm32f4xx_hal_spi.o
 .debug_line    0x00001f25      0x5b6 Src\main.o
 .debug_line    0x000024db      0x554 Src\ssd1289.o
 .debug_line    0x00002a2f      0x325 Src\stm32f4xx_hal_msp.o
 .debug_line    0x00002d54      0x2d1 Src\stm32f4xx_it.o
 .debug_line    0x00003025      0x275 Src\system_stm32f4xx.o
 .debug_line    0x0000329a      0x2f6 Src\xpt2046.o
 .debug_line    0x00003590       0x7f startup\startup_stm32f407xx.o

.debug_str      0x00000000     0x256e
 .debug_str     0x00000000      0xefc Drivers\STM32F4xx_HAL_Driver\Src\stm32f4xx_hal.o
                                0xfae (size before relaxing)
 .debug_str     0x00000efc      0x3ca Drivers\STM32F4xx_HAL_Driver\Src\stm32f4xx_hal_cortex.o
                               0x1085 (size before relaxing)
 .debug_str     0x000012c6      0x1de Drivers\STM32F4xx_HAL_Driver\Src\stm32f4xx_hal_gpio.o
                                0x95b (size before relaxing)
 .debug_str     0x000014a4      0x2e9 Drivers\STM32F4xx_HAL_Driver\Src\stm32f4xx_hal_rcc.o
                                0xb2e (size before relaxing)
 .debug_str     0x0000178d      0x905 Drivers\STM32F4xx_HAL_Driver\Src\stm32f4xx_hal_spi.o
                                0xfe5 (size before relaxing)
 .debug_str     0x00002092      0x21a Src\main.o
                               0x14f8 (size before relaxing)
 .debug_str     0x000022ac      0x190 Src\ssd1289.o
                                0x8e7 (size before relaxing)
 .debug_str     0x0000243c       0x1b Src\stm32f4xx_hal_msp.o
                               0x1138 (size before relaxing)
 .debug_str     0x00002457       0xa6 Src\stm32f4xx_it.o
                                0x6e2 (size before relaxing)
 .debug_str     0x000024fd       0x45 Src\system_stm32f4xx.o
                                0x7bf (size before relaxing)
 .debug_str     0x00002542       0x2c Src\xpt2046.o
                                0xb3a (size before relaxing)

.comment        0x00000000       0x7c
 .comment       0x00000000       0x7c Drivers\STM32F4xx_HAL_Driver\Src\stm32f4xx_hal.o
                                 0x7d (size before relaxing)
 .comment       0x0000007c       0x7d Drivers\STM32F4xx_HAL_Driver\Src\stm32f4xx_hal_cortex.o
 .comment       0x0000007c       0x7d Drivers\STM32F4xx_HAL_Driver\Src\stm32f4xx_hal_gpio.o
 .comment       0x0000007c       0x7d Drivers\STM32F4xx_HAL_Driver\Src\stm32f4xx_hal_rcc.o
 .comment       0x0000007c       0x7d Drivers\STM32F4xx_HAL_Driver\Src\stm32f4xx_hal_spi.o
 .comment       0x0000007c       0x7d Src\main.o
 .comment       0x0000007c       0x7d Src\ssd1289.o
 .comment       0x0000007c       0x7d Src\stm32f4xx_hal_msp.o
 .comment       0x0000007c       0x7d Src\stm32f4xx_it.o
 .comment       0x0000007c       0x7d Src\system_stm32f4xx.o
 .comment       0x0000007c       0x7d Src\xpt2046.o

.debug_frame    0x00000000     0x13a4
 .debug_frame   0x00000000      0x1d0 Drivers\STM32F4xx_HAL_Driver\Src\stm32f4xx_hal.o
 .debug_frame   0x000001d0      0x158 Drivers\STM32F4xx_HAL_Driver\Src\stm32f4xx_hal_cortex.o
 .debug_frame   0x00000328       0xd8 Drivers\STM32F4xx_HAL_Driver\Src\stm32f4xx_hal_gpio.o
 .debug_frame   0x00000400      0x13c Drivers\STM32F4xx_HAL_Driver\Src\stm32f4xx_hal_rcc.o
 .debug_frame   0x0000053c      0x560 Drivers\STM32F4xx_HAL_Driver\Src\stm32f4xx_hal_spi.o
 .debug_frame   0x00000a9c      0x184 Src\main.o
 .debug_frame   0x00000c20      0x2c8 Src\ssd1289.o
 .debug_frame   0x00000ee8       0x54 Src\stm32f4xx_hal_msp.o
 .debug_frame   0x00000f3c       0xac Src\stm32f4xx_it.o
 .debug_frame   0x00000fe8       0x38 Src\system_stm32f4xx.o
 .debug_frame   0x00001020       0x60 Src\xpt2046.o
 .debug_frame   0x00001080       0x2c c:/program files (x86)/atollic/truestudio for stm32 9.2.0/armtools/bin/../lib/gcc/arm-atollic-eabi/6.3.1/../../../../arm-atollic-eabi/lib/armv7e-m/fpu\libc_nano.a(lib_a-init.o)
 .debug_frame   0x000010ac       0x44 c:/program files (x86)/atollic/truestudio for stm32 9.2.0/armtools/bin/../lib/gcc/arm-atollic-eabi/6.3.1/../../../../arm-atollic-eabi/lib/armv7e-m/fpu\libc_nano.a(lib_a-rand.o)
 .debug_frame   0x000010f0       0x30 c:/program files (x86)/atollic/truestudio for stm32 9.2.0/armtools/bin/../lib/gcc/arm-atollic-eabi/6.3.1/../../../../arm-atollic-eabi/lib/armv7e-m/fpu\libc_nano.a(lib_a-malloc.o)
 .debug_frame   0x00001120       0x2c c:/program files (x86)/atollic/truestudio for stm32 9.2.0/armtools/bin/../lib/gcc/arm-atollic-eabi/6.3.1/../../../../arm-atollic-eabi/lib/armv7e-m/fpu\libc_nano.a(lib_a-nano-mallocr.o)
 .debug_frame   0x0000114c       0x2c c:/program files (x86)/atollic/truestudio for stm32 9.2.0/armtools/bin/../lib/gcc/arm-atollic-eabi/6.3.1/../../../../arm-atollic-eabi/lib/armv7e-m/fpu\libc_nano.a(lib_a-sbrkr.o)
 .debug_frame   0x00001178       0x30 c:/program files (x86)/atollic/truestudio for stm32 9.2.0/armtools/bin/../lib/gcc/arm-atollic-eabi/6.3.1/../../../../arm-atollic-eabi/lib/armv7e-m/fpu\libc_nano.a(lib_a-mlock.o)
 .debug_frame   0x000011a8       0x5c c:/program files (x86)/atollic/truestudio for stm32 9.2.0/armtools/bin/../lib/gcc/arm-atollic-eabi/6.3.1/../../../../arm-atollic-eabi/lib/armv7e-m/fpu\libc_nano.a(lib_a-reent.o)
 .debug_frame   0x00001204       0xac c:/program files (x86)/atollic/truestudio for stm32 9.2.0/armtools/bin/../lib/gcc/arm-atollic-eabi/6.3.1/armv7e-m/fpu\libgcc.a(_arm_addsubdf3.o)
 .debug_frame   0x000012b0       0x50 c:/program files (x86)/atollic/truestudio for stm32 9.2.0/armtools/bin/../lib/gcc/arm-atollic-eabi/6.3.1/armv7e-m/fpu\libgcc.a(_arm_muldivdf3.o)
 .debug_frame   0x00001300       0x24 c:/program files (x86)/atollic/truestudio for stm32 9.2.0/armtools/bin/../lib/gcc/arm-atollic-eabi/6.3.1/armv7e-m/fpu\libgcc.a(_arm_fixunsdfsi.o)
 .debug_frame   0x00001324       0x2c c:/program files (x86)/atollic/truestudio for stm32 9.2.0/armtools/bin/../lib/gcc/arm-atollic-eabi/6.3.1/armv7e-m/fpu\libgcc.a(_aeabi_uldivmod.o)
 .debug_frame   0x00001350       0x34 c:/program files (x86)/atollic/truestudio for stm32 9.2.0/armtools/bin/../lib/gcc/arm-atollic-eabi/6.3.1/armv7e-m/fpu\libgcc.a(_udivmoddi4.o)
 .debug_frame   0x00001384       0x20 c:/program files (x86)/atollic/truestudio for stm32 9.2.0/armtools/bin/../lib/gcc/arm-atollic-eabi/6.3.1/../../../../arm-atollic-eabi/lib/armv7e-m/fpu\libnosys.a(sbrk.o)
